main.c:136:5:main	24	static
main.c:266:6:SystemClock_Config	88	static
main.c:311:13:MX_ADC1_Init	24	static
main.c:388:13:MX_I2C1_Init	8	static
main.c:422:13:MX_SPI2_Init	8	static
main.c:460:13:MX_TIM1_Init	96	static
main.c:547:13:MX_TIM2_Init	64	static
main.c:618:13:MX_TIM3_Init	64	static
main.c:689:13:MX_TIM4_Init	32	static
main.c:734:13:MX_USART1_UART_Init	8	static
main.c:767:13:MX_USART3_UART_Init	8	static
main.c:798:13:MX_DMA_Init	16	static
main.c:834:13:MX_GPIO_Init	40	static
main.c:866:6:HAL_SPI_TxCpltCallback	16	static
main.c:874:6:HAL_TIM_PeriodElapsedCallback	16	static
main.c:882:6:HAL_UART_TxCpltCallback	16	static
main.c:905:6:HAL_UART_RxCpltCallback	16	static
main.c:934:6:data_transmit	16	static
main.c:940:6:receive_data_division	32	static
main.c:995:6:Servo_go	16	static
main.c:1020:6:Error_Handler	4	static
